Archive member included to satisfy reference by file (symbol)

C:/ProgramData/MATLAB/SupportPackages/R2024b/3P.instrset/gnuarm-armcortex.instrset/win/bin/../lib/gcc/arm-none-eabi/13.2.1/thumb/v7e-m+dp/hard\libm.a(libm_a-sf_round.o)
                              SteeringWheelSTM32.o (roundf)
C:/ProgramData/MATLAB/SupportPackages/R2024b/3P.instrset/gnuarm-armcortex.instrset/win/bin/../lib/gcc/arm-none-eabi/13.2.1/thumb/v7e-m+dp/hard\libc.a(libc_a-exit.o)
                              C:/ProgramData/MATLAB/SupportPackages/R2024b/3P.instrset/gnuarm-armcortex.instrset/win/bin/../lib/gcc/arm-none-eabi/13.2.1/thumb/v7e-m+dp/hard/crt0.o (exit)
C:/ProgramData/MATLAB/SupportPackages/R2024b/3P.instrset/gnuarm-armcortex.instrset/win/bin/../lib/gcc/arm-none-eabi/13.2.1/thumb/v7e-m+dp/hard\libc.a(libc_a-findfp.o)
                              C:/ProgramData/MATLAB/SupportPackages/R2024b/3P.instrset/gnuarm-armcortex.instrset/win/bin/../lib/gcc/arm-none-eabi/13.2.1/thumb/v7e-m+dp/hard\libc.a(libc_a-exit.o) (__stdio_exit_handler)
C:/ProgramData/MATLAB/SupportPackages/R2024b/3P.instrset/gnuarm-armcortex.instrset/win/bin/../lib/gcc/arm-none-eabi/13.2.1/thumb/v7e-m+dp/hard\libc.a(libc_a-fwalk.o)
                              C:/ProgramData/MATLAB/SupportPackages/R2024b/3P.instrset/gnuarm-armcortex.instrset/win/bin/../lib/gcc/arm-none-eabi/13.2.1/thumb/v7e-m+dp/hard\libc.a(libc_a-findfp.o) (_fwalk_sglue)
C:/ProgramData/MATLAB/SupportPackages/R2024b/3P.instrset/gnuarm-armcortex.instrset/win/bin/../lib/gcc/arm-none-eabi/13.2.1/thumb/v7e-m+dp/hard\libc.a(libc_a-stdio.o)
                              C:/ProgramData/MATLAB/SupportPackages/R2024b/3P.instrset/gnuarm-armcortex.instrset/win/bin/../lib/gcc/arm-none-eabi/13.2.1/thumb/v7e-m+dp/hard\libc.a(libc_a-findfp.o) (__sread)
C:/ProgramData/MATLAB/SupportPackages/R2024b/3P.instrset/gnuarm-armcortex.instrset/win/bin/../lib/gcc/arm-none-eabi/13.2.1/thumb/v7e-m+dp/hard\libc.a(libc_a-memset.o)
                              C:/ProgramData/MATLAB/SupportPackages/R2024b/3P.instrset/gnuarm-armcortex.instrset/win/bin/../lib/gcc/arm-none-eabi/13.2.1/thumb/v7e-m+dp/hard/crt0.o (memset)
C:/ProgramData/MATLAB/SupportPackages/R2024b/3P.instrset/gnuarm-armcortex.instrset/win/bin/../lib/gcc/arm-none-eabi/13.2.1/thumb/v7e-m+dp/hard\libc.a(libc_a-closer.o)
                              C:/ProgramData/MATLAB/SupportPackages/R2024b/3P.instrset/gnuarm-armcortex.instrset/win/bin/../lib/gcc/arm-none-eabi/13.2.1/thumb/v7e-m+dp/hard\libc.a(libc_a-stdio.o) (_close_r)
C:/ProgramData/MATLAB/SupportPackages/R2024b/3P.instrset/gnuarm-armcortex.instrset/win/bin/../lib/gcc/arm-none-eabi/13.2.1/thumb/v7e-m+dp/hard\libc.a(libc_a-reent.o)
                              C:/ProgramData/MATLAB/SupportPackages/R2024b/3P.instrset/gnuarm-armcortex.instrset/win/bin/../lib/gcc/arm-none-eabi/13.2.1/thumb/v7e-m+dp/hard\libc.a(libc_a-closer.o) (errno)
C:/ProgramData/MATLAB/SupportPackages/R2024b/3P.instrset/gnuarm-armcortex.instrset/win/bin/../lib/gcc/arm-none-eabi/13.2.1/thumb/v7e-m+dp/hard\libc.a(libc_a-impure.o)
                              C:/ProgramData/MATLAB/SupportPackages/R2024b/3P.instrset/gnuarm-armcortex.instrset/win/bin/../lib/gcc/arm-none-eabi/13.2.1/thumb/v7e-m+dp/hard\libc.a(libc_a-reent.o) (_impure_ptr)
C:/ProgramData/MATLAB/SupportPackages/R2024b/3P.instrset/gnuarm-armcortex.instrset/win/bin/../lib/gcc/arm-none-eabi/13.2.1/thumb/v7e-m+dp/hard\libc.a(libc_a-lseekr.o)
                              C:/ProgramData/MATLAB/SupportPackages/R2024b/3P.instrset/gnuarm-armcortex.instrset/win/bin/../lib/gcc/arm-none-eabi/13.2.1/thumb/v7e-m+dp/hard\libc.a(libc_a-stdio.o) (_lseek_r)
C:/ProgramData/MATLAB/SupportPackages/R2024b/3P.instrset/gnuarm-armcortex.instrset/win/bin/../lib/gcc/arm-none-eabi/13.2.1/thumb/v7e-m+dp/hard\libc.a(libc_a-readr.o)
                              C:/ProgramData/MATLAB/SupportPackages/R2024b/3P.instrset/gnuarm-armcortex.instrset/win/bin/../lib/gcc/arm-none-eabi/13.2.1/thumb/v7e-m+dp/hard\libc.a(libc_a-stdio.o) (_read_r)
C:/ProgramData/MATLAB/SupportPackages/R2024b/3P.instrset/gnuarm-armcortex.instrset/win/bin/../lib/gcc/arm-none-eabi/13.2.1/thumb/v7e-m+dp/hard\libc.a(libc_a-writer.o)
                              C:/ProgramData/MATLAB/SupportPackages/R2024b/3P.instrset/gnuarm-armcortex.instrset/win/bin/../lib/gcc/arm-none-eabi/13.2.1/thumb/v7e-m+dp/hard\libc.a(libc_a-stdio.o) (_write_r)
C:/ProgramData/MATLAB/SupportPackages/R2024b/3P.instrset/gnuarm-armcortex.instrset/win/bin/../lib/gcc/arm-none-eabi/13.2.1/thumb/v7e-m+dp/hard\libc.a(libc_a-errno.o)
                              syscalls.o (__errno)
C:/ProgramData/MATLAB/SupportPackages/R2024b/3P.instrset/gnuarm-armcortex.instrset/win/bin/../lib/gcc/arm-none-eabi/13.2.1/thumb/v7e-m+dp/hard\libc.a(libc_a-init.o)
                              C:/ProgramData/MATLAB/SupportPackages/R2024b/3P.instrset/gnuarm-armcortex.instrset/win/bin/../lib/gcc/arm-none-eabi/13.2.1/thumb/v7e-m+dp/hard/crt0.o (__libc_init_array)
[...]
Memory Configuration

Name             Origin             Length             Attributes
ITCMRAM          0x00000000         0x00010000         xrw
FLASH            0x08000000         0x00200000         xr
DTCMRAM1         0x20000000         0x00010000         xrw
DTCMRAM2         0x20010000         0x00010000         xrw
RAM              0x24000000         0x00100000         xrw
RAM_CD           0x30000000         0x00020000         xrw
RAM_SRD          0x38000000         0x00008000         xrw
*default*        0x00000000         0xffffffff

Linker script and memory map

LOAD C:/ProgramData/MATLAB/SupportPackages/R2024b/3P.instrset/gnuarm-armcortex.instrset/win/bin/../lib/gcc/arm-none-eabi/13.2.1/thumb/v7e-m+dp/hard/crti.o
LOAD C:/ProgramData/MATLAB/SupportPackages/R2024b/3P.instrset/gnuarm-armcortex.instrset/win/bin/../lib/gcc/arm-none-eabi/13.2.1/thumb/v7e-m+dp/hard/crtbegin.o
LOAD C:/ProgramData/MATLAB/SupportPackages/R2024b/3P.instrset/gnuarm-armcortex.instrset/win/bin/../lib/gcc/arm-none-eabi/13.2.1/thumb/v7e-m+dp/hard/crt0.o
LOAD stm_adc_ll.o
LOAD mw_stm32_spi_ll.o
LOAD SteeringWheelSTM32.o
LOAD SteeringWheelSTM32_data.o
LOAD ert_main.o
LOAD overrideHALDelay.o
LOAD platform_timer.o
LOAD SysTickScheduler.o
LOAD m3m4m4f_multitasking.o
LOAD main.o
LOAD stm32h7xx_it.o
LOAD stm32h7xx_hal_msp.o
LOAD stm32h7xx_hal_timebase_tim.o
LOAD stm32h7xx_ll_exti.o
LOAD stm32h7xx_hal_tim.o
LOAD stm32h7xx_hal_tim_ex.o
LOAD stm32h7xx_ll_gpio.o
LOAD stm32h7xx_ll_adc.o
LOAD stm32h7xx_ll_dma.o
LOAD stm32h7xx_ll_rcc.o
LOAD stm32h7xx_ll_utils.o
LOAD stm32h7xx_hal_rcc.o
LOAD stm32h7xx_hal_rcc_ex.o
LOAD stm32h7xx_hal_flash.o
LOAD stm32h7xx_hal_flash_ex.o
LOAD stm32h7xx_hal_gpio.o
LOAD stm32h7xx_hal_hsem.o
LOAD stm32h7xx_hal_dma.o
LOAD stm32h7xx_hal_dma_ex.o
LOAD stm32h7xx_hal_mdma.o
LOAD stm32h7xx_hal_pwr.o
LOAD stm32h7xx_hal_pwr_ex.o
LOAD stm32h7xx_hal_cortex.o
LOAD stm32h7xx_hal.o
LOAD stm32h7xx_hal_i2c.o
LOAD stm32h7xx_hal_i2c_ex.o
LOAD stm32h7xx_hal_exti.o
LOAD stm32h7xx_ll_spi.o
LOAD stm32h7xx_ll_tim.o
LOAD system_stm32h7xx.o
LOAD syscalls.o
LOAD sysmem.o
LOAD startup_stm32h7a3ritx.o
LOAD C:/ProgramData/MATLAB/SupportPackages/R2024b/3P.instrset/cmsis_dsp.instrset/Lib/GCC/arm_cortexm7ldfdp_math/libCMSISDSP.a
LOAD C:/ProgramData/MATLAB/SupportPackages/R2024b/toolbox/shared/supportpackages/stm32/lib/GCC/libmw_pdmfilter_m7_dpfp.lib
LOAD C:/ProgramData/MATLAB/SupportPackages/R2024b/3P.instrset/gnuarm-armcortex.instrset/win/bin/../lib/gcc/arm-none-eabi/13.2.1/thumb/v7e-m+dp/hard\libstdc++.a
LOAD C:/ProgramData/MATLAB/SupportPackages/R2024b/3P.instrset/gnuarm-armcortex.instrset/win/bin/../lib/gcc/arm-none-eabi/13.2.1/thumb/v7e-m+dp/hard\libm.a
START GROUP
LOAD C:/ProgramData/MATLAB/SupportPackages/R2024b/3P.instrset/gnuarm-armcortex.instrset/win/bin/../lib/gcc/arm-none-eabi/13.2.1/thumb/v7e-m+dp/hard\libgcc.a
LOAD C:/ProgramData/MATLAB/SupportPackages/R2024b/3P.instrset/gnuarm-armcortex.instrset/win/bin/../lib/gcc/arm-none-eabi/13.2.1/thumb/v7e-m+dp/hard\libc.a
END GROUP
START GROUP
LOAD C:/ProgramData/MATLAB/SupportPackages/R2024b/3P.instrset/gnuarm-armcortex.instrset/win/bin/../lib/gcc/arm-none-eabi/13.2.1/thumb/v7e-m+dp/hard\libgcc.a
LOAD C:/ProgramData/MATLAB/SupportPackages/R2024b/3P.instrset/gnuarm-armcortex.instrset/win/bin/../lib/gcc/arm-none-eabi/13.2.1/thumb/v7e-m+dp/hard\libc.a
LOAD C:/ProgramData/MATLAB/SupportPackages/R2024b/3P.instrset/gnuarm-armcortex.instrset/win/bin/../lib/gcc/arm-none-eabi/13.2.1/thumb/v7e-m+dp/hard\libnosys.a
END GROUP
LOAD C:/ProgramData/MATLAB/SupportPackages/R2024b/3P.instrset/gnuarm-armcortex.instrset/win/bin/../lib/gcc/arm-none-eabi/13.2.1/thumb/v7e-m+dp/hard/crtend.o
LOAD C:/ProgramData/MATLAB/SupportPackages/R2024b/3P.instrset/gnuarm-armcortex.instrset/win/bin/../lib/gcc/arm-none-eabi/13.2.1/thumb/v7e-m+dp/hard/crtn.o
                0x24100000                        _estack = (ORIGIN (RAM) + LENGTH (RAM))
                0x00000200                        _Min_Heap_Size = 0x200
                0x00000400                        _Min_Stack_Size = 0x400

.isr_vector     0x08000000      0x2ac
                0x08000000                        . = ALIGN (0x4)
 *(.isr_vector)
 .isr_vector    0x08000000      0x2ac startup_stm32h7a3ritx.o
                0x08000000                g_pfnVectors
                0x080002ac                        . = ALIGN (0x4)

.text           0x080002b0     0x5c14
                0x080002b0                        . = ALIGN (0x4)
 *(.text)
 .text          0x080002b0      0x134 C:/ProgramData/MATLAB/SupportPackages/R2024b/3P.instrset/gnuarm-armcortex.instrset/win/bin/../lib/gcc/arm-none-eabi/13.2.1/thumb/v7e-m+dp/hard\libc.a(libc_a-memcpy.o)
                0x080002b0                memcpy
 *(.text*)
 .text.deregister_tm_clones
                0x080003e4       0x1c C:/ProgramData/MATLAB/SupportPackages/R2024b/3P.instrset/gnuarm-armcortex.instrset/win/bin/../lib/gcc/arm-none-eabi/13.2.1/thumb/v7e-m+dp/hard/crtbegin.o
 .text.register_tm_clones
                0x08000400       0x24 C:/ProgramData/MATLAB/SupportPackages/R2024b/3P.instrset/gnuarm-armcortex.instrset/win/bin/../lib/gcc/arm-none-eabi/13.2.1/thumb/v7e-m+dp/hard/crtbegin.o
 .text.__do_global_dtors_aux
                0x08000424       0x28 C:/ProgramData/MATLAB/SupportPackages/R2024b/3P.instrset/gnuarm-armcortex.instrset/win/bin/../lib/gcc/arm-none-eabi/13.2.1/thumb/v7e-m+dp/hard/crtbegin.o
 .text.frame_dummy
                0x0800044c       0x24 C:/ProgramData/MATLAB/SupportPackages/R2024b/3P.instrset/gnuarm-armcortex.instrset/win/bin/../lib/gcc/arm-none-eabi/13.2.1/thumb/v7e-m+dp/hard/crtbegin.o
 .text.LL_ADC_DMA_GetRegAddr
                0x08000470       0x30 stm_adc_ll.o
 .text.LL_ADC_SetChannelPreselection
                0x080004a0       0x66 stm_adc_ll.o
 .text.LL_ADC_REG_IsTriggerSourceSWStart
                0x08000506       0x26 stm_adc_ll.o
 .text.LL_ADC_REG_SetSequencerLength
                0x0800052c       0x26 stm_adc_ll.o
 .text.LL_ADC_REG_GetSequencerRanks
                0x08000552       0x48 stm_adc_ll.o
 .text.LL_ADC_REG_SetDataTransferMode
                0x0800059a       0x26 stm_adc_ll.o
 .text.LL_ADC_INJ_IsTriggerSourceSWStart
                0x080005c0       0x26 stm_adc_ll.o
 .text.LL_ADC_INJ_GetSequencerRanks
                0x080005e6       0x34 stm_adc_ll.o
 *fill*         0x0800061a        0x2 
 .text.LL_ADC_Enable
                0x0800061c       0x28 stm_adc_ll.o
 .text.LL_ADC_Disable
                0x08000644       0x28 stm_adc_ll.o
 .text.LL_ADC_IsEnabled
                0x0800066c       0x26 stm_adc_ll.o
 *fill*         0x08000692        0x2 
 .text.LL_ADC_StartCalibration
                0x08000694       0x3c stm_adc_ll.o
 .text.LL_ADC_IsCalibrationOnGoing
                0x080006d0       0x28 stm_adc_ll.o
 .text.LL_ADC_REG_StartConversion
                0x080006f8       0x28 stm_adc_ll.o
 .text.LL_ADC_INJ_StartConversion
                0x08000720       0x28 stm_adc_ll.o
 .text.LL_ADC_IsActiveFlag_EOS
                0x08000748       0x26 stm_adc_ll.o
 .text.LL_ADC_IsActiveFlag_OVR
                0x0800076e       0x26 stm_adc_ll.o
 .text.LL_ADC_ClearFlag_OVR
                0x08000794       0x1a stm_adc_ll.o
 .text.LL_ADC_EnableIT_EOS
                0x080007ae       0x20 stm_adc_ll.o
 .text.LL_ADC_EnableIT_JEOS
                0x080007ce       0x20 stm_adc_ll.o
 .text.LL_ADC_DisableIT_EOS
                0x080007ee       0x20 stm_adc_ll.o
 .text.LL_ADC_DisableIT_OVR
                0x0800080e       0x20 stm_adc_ll.o
 .text.LL_ADC_DisableIT_JEOS
                0x0800082e       0x20 stm_adc_ll.o
 .text.LL_ADC_DisableIT_AWD1
                0x0800084e       0x20 stm_adc_ll.o
 .text.LL_ADC_IsEnabledIT_OVR
                0x0800086e       0x26 stm_adc_ll.o
 .text.LL_ADC_IsEnabledIT_AWD1
                0x08000894       0x26 stm_adc_ll.o
 *fill*         0x080008ba        0x2 
 .text.LL_DMA_EnableStream
                0x080008bc       0x44 stm_adc_ll.o
 .text.LL_DMA_DisableStream
                0x08000900       0x44 stm_adc_ll.o
 .text.LL_DMA_GetMode
                0x08000944       0x34 stm_adc_ll.o
 .text.LL_DMA_SetPeriphSize
                0x08000978       0x4c stm_adc_ll.o
 .text.LL_DMA_SetMemorySize
                0x080009c4       0x4c stm_adc_ll.o
 .text.LL_DMA_SetDataLength
                0x08000a10       0x50 stm_adc_ll.o
 .text.LL_DMA_GetCurrentTargetMem
                0x08000a60       0x34 stm_adc_ll.o
 .text.LL_DMA_EnableDoubleBufferMode
                0x08000a94       0x44 stm_adc_ll.o
 .text.LL_DMA_SetMemoryAddress
                0x08000ad8       0x34 stm_adc_ll.o
 .text.LL_DMA_SetPeriphAddress
                0x08000b0c       0x34 stm_adc_ll.o
 .text.LL_DMA_SetMemory1Address
                0x08000b40       0x44 stm_adc_ll.o
 .text.LL_DMA_IsActiveFlag_TC0
                0x08000b84       0x26 stm_adc_ll.o
 .text.LL_DMA_ClearFlag_TC0
                0x08000baa       0x1a stm_adc_ll.o
 .text.LL_DMA_EnableIT_TE
                0x08000bc4       0x44 stm_adc_ll.o
 .text.LL_DMA_EnableIT_TC
                0x08000c08       0x44 stm_adc_ll.o
 .text.LL_DMA_DisableIT_TE
                0x08000c4c       0x44 stm_adc_ll.o
 .text.LL_DMA_DisableIT_TC
                0x08000c90       0x44 stm_adc_ll.o
 .text.LL_DMA_IsEnabledIT_TC
                0x08000cd4       0x3c stm_adc_ll.o
 .text.regularADCTrigger
                0x08000d10       0x86 stm_adc_ll.o
 .text.configure_ADCs_DMA
                0x08000d96       0x8a stm_adc_ll.o
 .text.deconfigure_ADCs_DMA
                0x08000e20       0x36 stm_adc_ll.o
 .text.copyADCChannelsFromDMABuffer
                0x08000e56       0x62 stm_adc_ll.o
 .text.ADC_IsEnabledDMAITTransferComplete
                0x08000eb8       0xa2 stm_adc_ll.o
                0x08000eb8                ADC_IsEnabledDMAITTransferComplete
 *fill*         0x08000f5a        0x2 
 .text.DMA1_Stream0_IRQHandler
                0x08000f5c       0x20 stm_adc_ll.o
                0x08000f5c                DMA1_Stream0_IRQHandler
 .text.ADC_IsActiveFlagOVR
                0x08000f7c       0x42 stm_adc_ll.o
                0x08000f7c                ADC_IsActiveFlagOVR
 .text.ADC_IRQHandler
                0x08000fbe        0xe stm_adc_ll.o
                0x08000fbe                ADC_IRQHandler
 .text.configureADCChannelPreselectionRegister
                0x08000fcc      0x222 stm_adc_ll.o
                0x08000fcc                configureADCChannelPreselectionRegister
 .text.startADCConversionForExternalTrigger
                0x080011ee       0x50 stm_adc_ll.o
                0x080011ee                startADCConversionForExternalTrigger
 *fill*         0x0800123e        0x2 
 .text.ADC_Handle_Init
                0x08001240      0x11c stm_adc_ll.o
                0x08001240                ADC_Handle_Init
 .text.enableADC
                0x0800135c       0x2a stm_adc_ll.o
                0x0800135c                enableADC
 .text.regularReadADCDMA
                0x08001386       0xb2 stm_adc_ll.o
                0x08001386                regularReadADCDMA
 .text.ADC_Handle_Deinit
                0x08001438       0xee stm_adc_ll.o
                0x08001438                ADC_Handle_Deinit
 *fill*         0x08001526        0x2 
 .text.enableADCAutomaticCalibration
                0x08001528       0xdc stm_adc_ll.o
                0x08001528                enableADCAutomaticCalibration
 .text.LL_SPI_Enable
                0x08001604       0x20 mw_stm32_spi_ll.o
 .text.LL_SPI_Disable
                0x08001624       0x20 mw_stm32_spi_ll.o
 .text.LL_SPI_IsEnabled
                0x08001644       0x26 mw_stm32_spi_ll.o
 .text.LL_SPI_GetMode
                0x0800166a       0x1c mw_stm32_spi_ll.o
 .text.LL_SPI_SuspendMasterTransfer
                0x08001686       0x20 mw_stm32_spi_ll.o
 .text.LL_SPI_StartMasterTransfer
                0x080016a6       0x20 mw_stm32_spi_ll.o
 .text.LL_SPI_SetClockPhase
                0x080016c6       0x26 mw_stm32_spi_ll.o
 .text.LL_SPI_GetClockPhase
                0x080016ec       0x1c mw_stm32_spi_ll.o
 .text.LL_SPI_SetClockPolarity
                0x08001708       0x26 mw_stm32_spi_ll.o
 .text.LL_SPI_GetClockPolarity
                0x0800172e       0x1c mw_stm32_spi_ll.o
 .text.LL_SPI_GetTransferDirection
                0x0800174a       0x2e mw_stm32_spi_ll.o
 .text.LL_SPI_SetDataWidth
                0x08001778       0x26 mw_stm32_spi_ll.o
 .text.LL_SPI_GetDataWidth
                0x0800179e       0x1c mw_stm32_spi_ll.o
 .text.LL_SPI_IsActiveFlag_RXP
                0x080017ba       0x26 mw_stm32_spi_ll.o
 .text.LL_SPI_IsActiveFlag_EOT
                0x080017e0       0x26 mw_stm32_spi_ll.o
 .text.LL_SPI_IsActiveFlag_TXC
                0x08001806       0x28 mw_stm32_spi_ll.o
 .text.LL_SPI_IsActiveFlag_RXWNE
                0x0800182e       0x28 mw_stm32_spi_ll.o
 .text.LL_SPI_GetRxFIFOPackingLevel
                0x08001856       0x1c mw_stm32_spi_ll.o
 .text.LL_SPI_ReceiveData8
                0x08001872       0x1c mw_stm32_spi_ll.o
 .text.MW_SPI_Disable
                0x0800188e       0xc6 mw_stm32_spi_ll.o
 .text.SPI_STM32_Init
                0x08001954       0x88 mw_stm32_spi_ll.o
                0x08001954                SPI_STM32_Init
 .text.MW_STM32_SPI_SetFormat
                0x080019dc      0x1f2 mw_stm32_spi_ll.o
                0x080019dc                MW_STM32_SPI_SetFormat
 .text.MW_SPI_Close
                0x08001bce       0x1a mw_stm32_spi_ll.o
                0x08001bce                MW_SPI_Close
 .text.LL_SPI_Enable
                0x08001be8       0x20 SteeringWheelSTM32.o
 .text.LL_SPI_IsEnabled
                0x08001c08       0x26 SteeringWheelSTM32.o
 .text.LL_SPI_IsActiveFlag_TXP
                0x08001c2e       0x26 SteeringWheelSTM32.o
 .text.LL_SPI_IsActiveFlag_RXWNE
                0x08001c54       0x28 SteeringWheelSTM32.o
 .text.LL_SPI_GetRxFIFOPackingLevel
                0x08001c7c       0x1c SteeringWheelSTM32.o
 .text.LL_SPI_ReceiveData8
                0x08001c98       0x1c SteeringWheelSTM32.o
 .text.LL_SPI_ReceiveData16
                0x08001cb4       0x20 SteeringWheelSTM32.o
 .text.LL_SPI_ReceiveData32
                0x08001cd4       0x18 SteeringWheelSTM32.o
 .text.LL_SPI_TransmitData8
                0x08001cec       0x20 SteeringWheelSTM32.o
 .text.LL_SPI_TransmitData16
                0x08001d0c       0x24 SteeringWheelSTM32.o
 .text.LL_SPI_TransmitData32
                0x08001d30       0x1c SteeringWheelSTM32.o
 .text.LL_TIM_EnableCounter
                0x08001d4c       0x20 SteeringWheelSTM32.o
 .text.LL_GPIO_ReadInputPort
                0x08001d6c       0x18 SteeringWheelSTM32.o
 .text.LL_GPIO_SetOutputPin
                0x08001d84       0x1c SteeringWheelSTM32.o
 .text.LL_GPIO_ResetOutputPin
                0x08001da0       0x1e SteeringWheelSTM32.o
 .text.MW_SPI_MasterWriteRead_Databits
                0x08001dbe      0x300 SteeringWheelSTM32.o
 .text.plook_u32f_binckan
                0x080020be       0xa8 SteeringWheelSTM32.o
                0x080020be                plook_u32f_binckan
 .text.binsearch_u32f
                0x08002166       0x64 SteeringWheelSTM32.o
                0x08002166                binsearch_u32f
 *fill*         0x080021ca        0x2 
 .text.Ste_SPIControllerTransfer1_Init
                0x080021cc       0x50 SteeringWheelSTM32.o
                0x080021cc                Ste_SPIControllerTransfer1_Init
 .text.Steering_SPIControllerTransfer1
                0x0800221c       0x64 SteeringWheelSTM32.o
                0x0800221c                Steering_SPIControllerTransfer1
 .text.Ste_SPIControllerTransfer1_Term
                0x08002280       0x46 SteeringWheelSTM32.o
                0x08002280                Ste_SPIControllerTransfer1_Term
 *fill*         0x080022c6        0x2 
 .text.S_SPIControllerTransfer1_d_Init
                0x080022c8       0x50 SteeringWheelSTM32.o
                0x080022c8                S_SPIControllerTransfer1_d_Init
 .text.Steeri_SPIControllerTransfer1_p
                0x08002318       0x60 SteeringWheelSTM32.o
                0x08002318                Steeri_SPIControllerTransfer1_p
 .text.S_SPIControllerTransfer1_o_Term
                0x08002378       0x46 SteeringWheelSTM32.o
                0x08002378                S_SPIControllerTransfer1_o_Term
 *fill*         0x080023be        0x2 
 .text.SteeringWheelST_MATLABFunction1
                0x080023c0       0xc0 SteeringWheelSTM32.o
                0x080023c0                SteeringWheelST_MATLABFunction1
 .text.SteeringWheelS_SystemCore_setup
                0x08002480       0x94 SteeringWheelSTM32.o
 *fill*         0x08002514        0x4 
 .text.SteeringWheelSTM32_step
                0x08002518      0x818 SteeringWheelSTM32.o
                0x08002518                SteeringWheelSTM32_step
 .text.SteeringWheelSTM32_initialize
                0x08002d30       0xb4 SteeringWheelSTM32.o
                0x08002d30                SteeringWheelSTM32_initialize
 .text.SteeringWheelSTM32_terminate
                0x08002de4       0xb0 SteeringWheelSTM32.o
                0x08002de4                SteeringWheelSTM32_terminate
 .text.rt_OneStep
                0x08002e94       0x4c ert_main.o
                0x08002e94                rt_OneStep
 .text.main     0x08002ee0       0xe4 ert_main.o
                0x08002ee0                main
 .text.getCurrentTimestampInMicros
                0x08002fc4       0x40 platform_timer.o
                0x08002fc4                getCurrentTimestampInMicros
 .text.returnTimeElapsed
                0x08003004       0x2c platform_timer.o
                0x08003004                returnTimeElapsed
 .text.__NVIC_SetPriority
                0x08003030       0x54 SysTickScheduler.o
 .text.SysTick_Config
                0x08003084       0x44 SysTickScheduler.o
 .text.SysTick_Isr
                0x080030c8       0x48 SysTickScheduler.o
 .text.SysTick_Handler
                0x08003110       0x20 SysTickScheduler.o
                0x08003110                SysTick_Handler
 .text.ARMCM_SysTick_Config
                0x08003130       0xb0 SysTickScheduler.o
                0x08003130                ARMCM_SysTick_Config
 .text.PendSV_Handler
                0x080031e0       0x44 m3m4m4f_multitasking.o
                0x080031e0                PendSV_Handler
 .text.SVC_Handler
                0x08003224       0x58 m3m4m4f_multitasking.o
                0x08003224                SVC_Handler
 .text.__NVIC_GetPriorityGrouping
                0x0800327c       0x1c main.o
 .text.__NVIC_EnableIRQ
                0x08003298       0x3c main.o
 .text.__NVIC_SetPriority
                0x080032d4       0x54 main.o
 .text.NVIC_EncodePriority
                0x08003328       0x66 main.o
 .text.LL_ADC_REG_SetTriggerEdge
                0x0800338e       0x26 main.o
 .text.LL_ADC_REG_SetSequencerRanks
                0x080033b4       0x58 main.o
 .text.LL_ADC_REG_SetDataTransferMode
                0x0800340c       0x26 main.o
 .text.LL_ADC_SetChannelSamplingTime
                0x08003432       0x56 main.o
 .text.LL_ADC_SetChannelSingleDiff
                0x08003488       0x48 main.o
 .text.LL_ADC_SetOverSamplingScope
                0x080034d0       0x2c main.o
 .text.LL_ADC_DisableDeepPowerDown
                0x080034fc       0x24 main.o
 .text.LL_ADC_EnableInternalRegulator
                0x08003520       0x28 main.o
 .text.LL_DMA_SetDataTransferDirection
                0x08003548       0x4c main.o
 .text.LL_DMA_SetMode
                0x08003594       0x4c main.o
 .text.LL_DMA_SetPeriphIncMode
                0x080035e0       0x4c main.o
 .text.LL_DMA_SetMemoryIncMode
                0x0800362c       0x4c main.o
 .text.LL_DMA_SetPeriphSize
                0x08003678       0x4c main.o
 .text.LL_DMA_SetMemorySize
                0x080036c4       0x4c main.o
 .text.LL_DMA_SetStreamPriorityLevel
                0x08003710       0x4c main.o
 .text.LL_DMA_SetPeriphRequest
                0x0800375c       0x60 main.o
 .text.LL_DMA_DisableFifoMode
                0x080037bc       0x44 main.o
 .text.LL_RCC_HSI_Enable
                0x08003800       0x20 main.o
 .text.LL_RCC_HSI_IsReady
                0x08003820       0x24 main.o
 .text.LL_RCC_HSI_SetDivider
                0x08003844       0x28 main.o
 .text.LL_RCC_HSI_SetCalibTrimming
                0x0800386c       0x2c main.o
 .text.LL_RCC_SetSysClkSource
                0x08003898       0x28 main.o
 .text.LL_RCC_GetSysClkSource
                0x080038c0       0x1c main.o
 .text.LL_RCC_SetAHBPrescaler
                0x080038dc       0x28 main.o
 .text.LL_RCC_SetAPB1Prescaler
                0x08003904       0x28 main.o
 .text.LL_RCC_SetAPB2Prescaler
                0x0800392c       0x28 main.o
 .text.LL_RCC_SetAPB3Prescaler
                0x08003954       0x28 main.o
 .text.LL_RCC_SetAPB4Prescaler
                0x0800397c       0x28 main.o
 .text.LL_RCC_SetClockSource
                0x080039a4       0x54 main.o
 .text.LL_RCC_SetSPIClockSource
                0x080039f8       0x16 main.o
 *fill*         0x08003a0e        0x2 
 .text.LL_RCC_SetADCClockSource
                0x08003a10       0x28 main.o
 .text.LL_RCC_PLL_SetSource
                0x08003a38       0x28 main.o
 .text.LL_RCC_PLL1_Enable
                0x08003a60       0x20 main.o
 .text.LL_RCC_PLL1_IsReady
                0x08003a80       0x28 main.o
 .text.LL_RCC_PLL1Q_Enable
                0x08003aa8       0x20 main.o
 .text.LL_RCC_PLL1_SetVCOOutputRange
                0x08003ac8       0x2c main.o
 .text.LL_RCC_PLL1_SetVCOInputRange
                0x08003af4       0x2c main.o
 .text.LL_RCC_PLL1_SetN
                0x08003b20       0x30 main.o
 .text.LL_RCC_PLL1_SetM
                0x08003b50       0x2c main.o
 .text.LL_RCC_PLL1_SetP
                0x08003b7c       0x2c main.o
 .text.LL_RCC_PLL1_SetQ
                0x08003ba8       0x2c main.o
 .text.LL_RCC_PLL1_SetR
                0x08003bd4       0x2c main.o
 .text.LL_RCC_PLL2_Enable
                0x08003c00       0x20 main.o
 .text.LL_RCC_PLL2_IsReady
                0x08003c20       0x28 main.o
 .text.LL_RCC_PLL2P_Enable
                0x08003c48       0x20 main.o
 .text.LL_RCC_PLL2_SetVCOOutputRange
                0x08003c68       0x2c main.o
 .text.LL_RCC_PLL2_SetVCOInputRange
                0x08003c94       0x2c main.o
 .text.LL_RCC_PLL2_SetN
                0x08003cc0       0x30 main.o
 .text.LL_RCC_PLL2_SetM
                0x08003cf0       0x2c main.o
 .text.LL_RCC_PLL2_SetP
                0x08003d1c       0x2c main.o
 .text.LL_RCC_PLL2_SetQ
                0x08003d48       0x2c main.o
 .text.LL_RCC_PLL2_SetR
                0x08003d74       0x2c main.o
 .text.LL_AHB1_GRP1_EnableClock
                0x08003da0       0x38 main.o
 .text.LL_AHB4_GRP1_EnableClock
                0x08003dd8       0x38 main.o
 .text.LL_APB1_GRP1_EnableClock
                0x08003e10       0x38 main.o
 .text.LL_APB2_GRP1_EnableClock
                0x08003e48       0x38 main.o
 .text.LL_FLASH_SetLatency
                0x08003e80       0x28 main.o
 .text.LL_FLASH_GetLatency
                0x08003ea8       0x1c main.o
 .text.LL_PWR_ConfigSupply
                0x08003ec4       0x28 main.o
 .text.LL_PWR_SetRegulVoltageScaling
                0x08003eec       0x28 main.o
 .text.LL_PWR_IsActiveFlag_VOS
                0x08003f14       0x28 main.o
 .text.LL_SPI_SetStandard
                0x08003f3c       0x26 main.o
 .text.LL_SPI_SetFIFOThreshold
                0x08003f62       0x26 main.o
 .text.LL_SPI_DisableNSSPulseMgt
                0x08003f88       0x20 main.o
 .text.LL_TIM_EnableARRPreload
                0x08003fa8       0x20 main.o
 .text.LL_TIM_SetClockSource
                0x08003fc8       0x2c main.o
 .text.LL_TIM_SetTriggerOutput
                0x08003ff4       0x26 main.o
 .text.LL_TIM_DisableMasterSlaveMode
                0x0800401a       0x20 main.o
 .text.LL_GPIO_ResetOutputPin
                0x0800403a       0x1e main.o
 .text.SystemClock_Config
                0x08004058       0xec main.o
                0x08004058                SystemClock_Config
 .text.PeriphCommonClock_Config
                0x08004144       0x48 main.o
                0x08004144                PeriphCommonClock_Config
 .text.MX_ADC1_Init
                0x0800418c      0x28c main.o
                0x0800418c                MX_ADC1_Init
 .text.MX_SPI1_Init
                0x08004418       0xe0 main.o
                0x08004418                MX_SPI1_Init
 .text.MX_TIM2_Init
                0x080044f8       0x62 main.o
                0x080044f8                MX_TIM2_Init
 .text.MX_DMA_Init
                0x0800455a       0x2e main.o
                0x0800455a                MX_DMA_Init
 .text.MX_GPIO_Init
                0x08004588       0x74 main.o
                0x08004588                MX_GPIO_Init
 .text.HAL_TIM_PeriodElapsedCallback
                0x080045fc       0x24 main.o
                0x080045fc                HAL_TIM_PeriodElapsedCallback
 .text.Error_Handler
                0x08004620        0xc main.o
                0x08004620                Error_Handler
 .text.NMI_Handler
                0x0800462c        0x8 stm32h7xx_it.o
                0x0800462c                NMI_Handler
 .text.HardFault_Handler
                0x08004634        0x8 stm32h7xx_it.o
                0x08004634                HardFault_Handler
 .text.MemManage_Handler
                0x0800463c        0x8 stm32h7xx_it.o
                0x0800463c                MemManage_Handler
 .text.BusFault_Handler
                0x08004644        0x8 stm32h7xx_it.o
                0x08004644                BusFault_Handler
 .text.UsageFault_Handler
                0x0800464c        0x8 stm32h7xx_it.o
                0x0800464c                UsageFault_Handler
 .text.DebugMon_Handler
                0x08004654        0xe stm32h7xx_it.o
                0x08004654                DebugMon_Handler
 *fill*         0x08004662        0x2 
 .text.TIM1_UP_IRQHandler
                0x08004664       0x14 stm32h7xx_it.o
                0x08004664                TIM1_UP_IRQHandler
 .text.SPI1_IRQHandler
                0x08004678        0xe stm32h7xx_it.o
                0x08004678                SPI1_IRQHandler
 *fill*         0x08004686        0x2 
 .text.HAL_MspInit
                0x08004688       0x34 stm32h7xx_hal_msp.o
                0x08004688                HAL_MspInit
 .text.HAL_InitTick
                0x080046bc       0xc0 stm32h7xx_hal_timebase_tim.o
                0x080046bc                HAL_InitTick
 .text.HAL_TIM_Base_Init
                0x0800477c       0xae stm32h7xx_hal_tim.o
                0x0800477c                HAL_TIM_Base_Init
 .text.HAL_TIM_Base_MspInit
                0x0800482a       0x14 stm32h7xx_hal_tim.o
                0x0800482a                HAL_TIM_Base_MspInit
 *fill*         0x0800483e        0x2 
 .text.HAL_TIM_Base_Start_IT
                0x08004840       0xf0 stm32h7xx_hal_tim.o
                0x08004840                HAL_TIM_Base_Start_IT
 .text.HAL_TIM_IRQHandler
                0x08004930      0x20e stm32h7xx_hal_tim.o
                0x08004930                HAL_TIM_IRQHandler
 .text.HAL_TIM_OC_DelayElapsedCallback
                0x08004b3e       0x14 stm32h7xx_hal_tim.o
                0x08004b3e                HAL_TIM_OC_DelayElapsedCallback
 .text.HAL_TIM_IC_CaptureCallback
                0x08004b52       0x14 stm32h7xx_hal_tim.o
                0x08004b52                HAL_TIM_IC_CaptureCallback
 .text.HAL_TIM_PWM_PulseFinishedCallback
                0x08004b66       0x14 stm32h7xx_hal_tim.o
                0x08004b66                HAL_TIM_PWM_PulseFinishedCallback
 .text.HAL_TIM_TriggerCallback
                0x08004b7a       0x14 stm32h7xx_hal_tim.o
                0x08004b7a                HAL_TIM_TriggerCallback
 *fill*         0x08004b8e        0x2 
 .text.TIM_Base_SetConfig
                0x08004b90      0x140 stm32h7xx_hal_tim.o
                0x08004b90                TIM_Base_SetConfig
 .text.HAL_TIMEx_CommutCallback
                0x08004cd0       0x14 stm32h7xx_hal_tim_ex.o
                0x08004cd0                HAL_TIMEx_CommutCallback
 .text.HAL_TIMEx_BreakCallback
                0x08004ce4       0x14 stm32h7xx_hal_tim_ex.o
                0x08004ce4                HAL_TIMEx_BreakCallback
 .text.HAL_TIMEx_Break2Callback
                0x08004cf8       0x14 stm32h7xx_hal_tim_ex.o
                0x08004cf8                HAL_TIMEx_Break2Callback
 .text.LL_GPIO_SetPinMode
                0x08004d0c       0x40 stm32h7xx_ll_gpio.o
 .text.LL_GPIO_SetPinOutputType
                0x08004d4c       0x30 stm32h7xx_ll_gpio.o
 .text.LL_GPIO_SetPinSpeed
                0x08004d7c       0x40 stm32h7xx_ll_gpio.o
 .text.LL_GPIO_SetPinPull
                0x08004dbc       0x40 stm32h7xx_ll_gpio.o
 .text.LL_GPIO_SetAFPin_0_7
                0x08004dfc       0x58 stm32h7xx_ll_gpio.o
 .text.LL_GPIO_SetAFPin_8_15
                0x08004e54       0x6c stm32h7xx_ll_gpio.o
 .text.LL_GPIO_Init
                0x08004ec0       0xdc stm32h7xx_ll_gpio.o
                0x08004ec0                LL_GPIO_Init
 .text.LL_ADC_REG_SetSequencerLength
                0x08004f9c       0x26 stm32h7xx_ll_adc.o
 .text.LL_ADC_IsEnabled
                0x08004fc2       0x26 stm32h7xx_ll_adc.o
 .text.LL_ADC_CommonInit
                0x08004fe8       0x80 stm32h7xx_ll_adc.o
                0x08004fe8                LL_ADC_CommonInit
 .text.LL_ADC_Init
                0x08005068       0x58 stm32h7xx_ll_adc.o
                0x08005068                LL_ADC_Init
 .text.LL_ADC_REG_Init
                0x080050c0       0x94 stm32h7xx_ll_adc.o
                0x080050c0                LL_ADC_REG_Init
 .text.LL_SetSystemCoreClock
                0x08005154       0x20 stm32h7xx_ll_utils.o
                0x08005154                LL_SetSystemCoreClock
 .text.HAL_RCC_GetSysClockFreq
                0x08005174      0x2f4 stm32h7xx_hal_rcc.o
                0x08005174                HAL_RCC_GetSysClockFreq
 .text.HAL_RCC_GetHCLKFreq
                0x08005468       0x60 stm32h7xx_hal_rcc.o
                0x08005468                HAL_RCC_GetHCLKFreq
 .text.HAL_RCC_GetPCLK2Freq
                0x080054c8       0x2c stm32h7xx_hal_rcc.o
                0x080054c8                HAL_RCC_GetPCLK2Freq
 .text.HAL_RCC_GetClockConfig
                0x080054f4       0x84 stm32h7xx_hal_rcc.o
                0x080054f4                HAL_RCC_GetClockConfig
 .text.__NVIC_SetPriorityGrouping
                0x08005578       0x48 stm32h7xx_hal_cortex.o
 .text.__NVIC_GetPriorityGrouping
                0x080055c0       0x1c stm32h7xx_hal_cortex.o
 .text.__NVIC_EnableIRQ
                0x080055dc       0x3c stm32h7xx_hal_cortex.o
 .text.__NVIC_SetPriority
                0x08005618       0x54 stm32h7xx_hal_cortex.o
 .text.NVIC_EncodePriority
                0x0800566c       0x66 stm32h7xx_hal_cortex.o
 .text.HAL_NVIC_SetPriorityGrouping
                0x080056d2       0x16 stm32h7xx_hal_cortex.o
                0x080056d2                HAL_NVIC_SetPriorityGrouping
 .text.HAL_NVIC_SetPriority
                0x080056e8       0x34 stm32h7xx_hal_cortex.o
                0x080056e8                HAL_NVIC_SetPriority
 .text.HAL_NVIC_EnableIRQ
                0x0800571c       0x1c stm32h7xx_hal_cortex.o
                0x0800571c                HAL_NVIC_EnableIRQ
 .text.HAL_Init
                0x08005738       0x78 stm32h7xx_hal.o
                0x08005738                HAL_Init
 .text.HAL_IncTick
                0x080057b0       0x28 stm32h7xx_hal.o
                0x080057b0                HAL_IncTick
 .text.HAL_GetTick
                0x080057d8       0x18 stm32h7xx_hal.o
                0x080057d8                HAL_GetTick
 .text.LL_SPI_IsEnabled
                0x080057f0       0x26 stm32h7xx_ll_spi.o
 .text.LL_SPI_SetInternalSSLevel
                0x08005816       0x26 stm32h7xx_ll_spi.o
 .text.LL_SPI_GetNSSPolarity
                0x0800583c       0x1c stm32h7xx_ll_spi.o
 .text.LL_SPI_SetCRCPolynomial
                0x08005858       0x1c stm32h7xx_ll_spi.o
 .text.LL_SPI_Init
                0x08005874       0xfc stm32h7xx_ll_spi.o
                0x08005874                LL_SPI_Init
 .text.LL_TIM_SetPrescaler
                0x08005970       0x1c stm32h7xx_ll_tim.o
 .text.LL_TIM_SetAutoReload
                0x0800598c       0x1c stm32h7xx_ll_tim.o
 .text.LL_TIM_SetRepetitionCounter
                0x080059a8       0x1c stm32h7xx_ll_tim.o
 .text.LL_TIM_GenerateEvent_UPDATE
                0x080059c4       0x20 stm32h7xx_ll_tim.o
 .text.LL_TIM_Init
                0x080059e4      0x128 stm32h7xx_ll_tim.o
                0x080059e4                LL_TIM_Init
 .text.SystemInit
                0x08005b0c      0x120 system_stm32h7xx.o
                0x08005b0c                SystemInit
 .text.ExitRun0Mode
                0x08005c2c       0x18 system_stm32h7xx.o
                0x08005c2c                ExitRun0Mode
 .text.Reset_Handler
                0x08005c44       0x54 startup_stm32h7a3ritx.o
                0x08005c44                Reset_Handler
 .text.Default_Handler
                0x08005c98        0x2 startup_stm32h7a3ritx.o
                0x08005c98                RTC_Alarm_IRQHandler
                0x08005c98                EXTI2_IRQHandler
                0x08005c98                TIM8_CC_IRQHandler
                0x08005c98                UART8_IRQHandler
                0x08005c98                BDMA2_Channel1_IRQHandler
                0x08005c98                SPI4_IRQHandler
                0x08005c98                BDMA2_Channel0_IRQHandler
                0x08005c98                TIM1_CC_IRQHandler
                0x08005c98                DMA2_Stream5_IRQHandler
                0x08005c98                JPEG_IRQHandler
                0x08005c98                DMA1_Stream5_IRQHandler
                0x08005c98                EXTI3_IRQHandler
                0x08005c98                LPTIM4_IRQHandler
                0x08005c98                TIM8_TRG_COM_TIM14_IRQHandler
                0x08005c98                LPTIM2_IRQHandler
                0x08005c98                DFSDM1_FLT1_IRQHandler
                0x08005c98                DMAMUX2_OVR_IRQHandler
                0x08005c98                GFXMMU_IRQHandler
                0x08005c98                TIM8_UP_TIM13_IRQHandler
                0x08005c98                I2C3_ER_IRQHandler
                0x08005c98                DFSDM1_FLT2_IRQHandler
                0x08005c98                USART10_IRQHandler
                0x08005c98                MDMA_IRQHandler
                0x08005c98                LPTIM3_IRQHandler
                0x08005c98                BDMA2_Channel3_IRQHandler
                0x08005c98                HSEM1_IRQHandler
                0x08005c98                EXTI0_IRQHandler
                0x08005c98                I2C2_EV_IRQHandler
                0x08005c98                DAC2_IRQHandler
                0x08005c98                DMA1_Stream2_IRQHandler
                0x08005c98                FPU_IRQHandler
                0x08005c98                OTG_HS_WKUP_IRQHandler
                0x08005c98                FDCAN1_IT1_IRQHandler
                0x08005c98                LTDC_ER_IRQHandler
                0x08005c98                DMA2_Stream2_IRQHandler
                0x08005c98                OCTOSPI1_IRQHandler
                0x08005c98                TIM6_DAC_IRQHandler
                0x08005c98                BDMA2_Channel6_IRQHandler
                0x08005c98                DMA2_Stream3_IRQHandler
                0x08005c98                OCTOSPI2_IRQHandler
                0x08005c98                SAI2_IRQHandler
                0x08005c98                BDMA1_IRQHandler
                0x08005c98                DFSDM1_FLT3_IRQHandler
                0x08005c98                USART6_IRQHandler
                0x08005c98                TIM17_IRQHandler
                0x08005c98                USART3_IRQHandler
                0x08005c98                LPTIM5_IRQHandler
                0x08005c98                UART5_IRQHandler
                0x08005c98                DMA2_Stream0_IRQHandler
                0x08005c98                TIM4_IRQHandler
                0x08005c98                I2C1_EV_IRQHandler
                0x08005c98                DMA1_Stream6_IRQHandler
                0x08005c98                DMAMUX1_OVR_IRQHandler
                0x08005c98                DMA1_Stream1_IRQHandler
                0x08005c98                TIM16_IRQHandler
                0x08005c98                UART4_IRQHandler
                0x08005c98                TIM3_IRQHandler
                0x08005c98                RCC_IRQHandler
                0x08005c98                UART9_IRQHandler
                0x08005c98                TIM8_BRK_TIM12_IRQHandler
                0x08005c98                TIM1_TRG_COM_IRQHandler
                0x08005c98                Default_Handler
                0x08005c98                ECC_IRQHandler
                0x08005c98                BDMA2_Channel2_IRQHandler
                0x08005c98                CEC_IRQHandler
                0x08005c98                EXTI15_10_IRQHandler
                0x08005c98                DFSDM1_FLT4_IRQHandler
                0x08005c98                DMA1_Stream7_IRQHandler
                0x08005c98                SPI5_IRQHandler
                0x08005c98                TIM7_IRQHandler
                0x08005c98                SDMMC1_IRQHandler
                0x08005c98                TIM5_IRQHandler
                0x08005c98                DMA2_Stream7_IRQHandler
                0x08005c98                TIM15_IRQHandler
                0x08005c98                I2C3_EV_IRQHandler
                0x08005c98                DFSDM2_IRQHandler
                0x08005c98                EXTI9_5_IRQHandler
                0x08005c98                RTC_WKUP_IRQHandler
                0x08005c98                LTDC_IRQHandler
                0x08005c98                SPDIF_RX_IRQHandler
                0x08005c98                PVD_PVM_IRQHandler
                0x08005c98                SPI2_IRQHandler
                0x08005c98                OTG_HS_EP1_IN_IRQHandler
                0x08005c98                DFSDM1_FLT5_IRQHandler
                0x08005c98                CRS_IRQHandler
                0x08005c98                EXTI4_IRQHandler
                0x08005c98                DFSDM1_FLT6_IRQHandler
                0x08005c98                RNG_IRQHandler
                0x08005c98                FDCAN2_IT1_IRQHandler
                0x08005c98                COMP_IRQHandler
                0x08005c98                OTG_HS_EP1_OUT_IRQHandler
                0x08005c98                WWDG_IRQHandler
                0x08005c98                SPI6_IRQHandler
                0x08005c98                MDIOS_IRQHandler
                0x08005c98                I2C4_EV_IRQHandler
                0x08005c98                FDCAN2_IT0_IRQHandler
                0x08005c98                LPUART1_IRQHandler
                0x08005c98                FDCAN1_IT0_IRQHandler
                0x08005c98                TIM2_IRQHandler
                0x08005c98                BDMA2_Channel5_IRQHandler
                0x08005c98                OTG_HS_IRQHandler
                0x08005c98                DMA2D_IRQHandler
                0x08005c98                TIM1_BRK_IRQHandler
                0x08005c98                EXTI1_IRQHandler
                0x08005c98                SDMMC2_IRQHandler
                0x08005c98                DTS_IRQHandler
                0x08005c98                UART7_IRQHandler
                0x08005c98                MDIOS_WKUP_IRQHandler
                0x08005c98                USART2_IRQHandler
                0x08005c98                DFSDM1_FLT0_IRQHandler
                0x08005c98                I2C2_ER_IRQHandler
                0x08005c98                DMA2_Stream1_IRQHandler
                0x08005c98                DFSDM1_FLT7_IRQHandler
                0x08005c98                FLASH_IRQHandler
                0x08005c98                DMA2_Stream4_IRQHandler
                0x08005c98                USART1_IRQHandler
                0x08005c98                SPI3_IRQHandler
                0x08005c98                WAKEUP_PIN_IRQHandler
                0x08005c98                DMA1_Stream4_IRQHandler
                0x08005c98                I2C1_ER_IRQHandler
                0x08005c98                FMC_IRQHandler
                0x08005c98                BDMA2_Channel7_IRQHandler
                0x08005c98                FDCAN_CAL_IRQHandler
                0x08005c98                SWPMI1_IRQHandler
                0x08005c98                LPTIM1_IRQHandler
                0x08005c98                DCMI_PSSI_IRQHandler
                0x08005c98                I2C4_ER_IRQHandler
                0x08005c98                DMA2_Stream6_IRQHandler
                0x08005c98                SAI1_IRQHandler
                0x08005c98                DMA1_Stream3_IRQHandler
                0x08005c98                RTC_TAMP_STAMP_CSS_LSE_IRQHandler
                0x08005c98                BDMA2_Channel4_IRQHandler
 *fill*         0x08005c9a        0x2 
 .text.roundf   0x08005c9c       0x4c C:/ProgramData/MATLAB/SupportPackages/R2024b/3P.instrset/gnuarm-armcortex.instrset/win/bin/../lib/gcc/arm-none-eabi/13.2.1/thumb/v7e-m+dp/hard\libm.a(libm_a-sf_round.o)
                0x08005c9c                roundf
 .text.memset   0x08005ce8       0xa4 C:/ProgramData/MATLAB/SupportPackages/R2024b/3P.instrset/gnuarm-armcortex.instrset/win/bin/../lib/gcc/arm-none-eabi/13.2.1/thumb/v7e-m+dp/hard\libc.a(libc_a-memset.o)
                0x08005ce8                memset
 .text.__libc_init_array
                0x08005d8c       0x50 C:/ProgramData/MATLAB/SupportPackages/R2024b/3P.instrset/gnuarm-armcortex.instrset/win/bin/../lib/gcc/arm-none-eabi/13.2.1/thumb/v7e-m+dp/hard\libc.a(libc_a-init.o)
                0x08005d8c                __libc_init_array
 .text.__retarget_lock_acquire_recursive
                0x08005ddc        0x4 C:/ProgramData/MATLAB/SupportPackages/R2024b/3P.instrset/gnuarm-armcortex.instrset/win/bin/../lib/gcc/arm-none-eabi/13.2.1/thumb/v7e-m+dp/hard\libc.a(libc_a-lock.o)
                0x08005ddc                __retarget_lock_acquire_recursive
 .text.__retarget_lock_release_recursive
                0x08005de0        0x4 C:/ProgramData/MATLAB/SupportPackages/R2024b/3P.instrset/gnuarm-armcortex.instrset/win/bin/../lib/gcc/arm-none-eabi/13.2.1/thumb/v7e-m+dp/hard\libc.a(libc_a-lock.o)
                0x08005de0                __retarget_lock_release_recursive
 .text.startup.register_fini
                0x08005de4       0x14 C:/ProgramData/MATLAB/SupportPackages/R2024b/3P.instrset/gnuarm-armcortex.instrset/win/bin/../lib/gcc/arm-none-eabi/13.2.1/thumb/v7e-m+dp/hard\libc.a(libc_a-__call_atexit.o)
 .text.atexit   0x08005df8        0xc C:/ProgramData/MATLAB/SupportPackages/R2024b/3P.instrset/gnuarm-armcortex.instrset/win/bin/../lib/gcc/arm-none-eabi/13.2.1/thumb/v7e-m+dp/hard\libc.a(libc_a-atexit.o)
                0x08005df8                atexit
 .text.__libc_fini_array
                0x08005e04       0x28 C:/ProgramData/MATLAB/SupportPackages/R2024b/3P.instrset/gnuarm-armcortex.instrset/win/bin/../lib/gcc/arm-none-eabi/13.2.1/thumb/v7e-m+dp/hard\libc.a(libc_a-fini.o)
                0x08005e04                __libc_fini_array
 .text.__register_exitproc
                0x08005e2c       0x80 C:/ProgramData/MATLAB/SupportPackages/R2024b/3P.instrset/gnuarm-armcortex.instrset/win/bin/../lib/gcc/arm-none-eabi/13.2.1/thumb/v7e-m+dp/hard\libc.a(libc_a-__atexit.o)
                0x08005e2c                __register_exitproc
 *(.glue_7)
 .glue_7        0x08005eac        0x0 linker stubs
 *(.glue_7t)
 .glue_7t       0x08005eac        0x0 linker stubs
 *(.eh_frame)
 .eh_frame      0x08005eac        0x0 C:/ProgramData/MATLAB/SupportPackages/R2024b/3P.instrset/gnuarm-armcortex.instrset/win/bin/../lib/gcc/arm-none-eabi/13.2.1/thumb/v7e-m+dp/hard/crtbegin.o
 *(.init)
 .init          0x08005eac        0x4 C:/ProgramData/MATLAB/SupportPackages/R2024b/3P.instrset/gnuarm-armcortex.instrset/win/bin/../lib/gcc/arm-none-eabi/13.2.1/thumb/v7e-m+dp/hard/crti.o
                0x08005eac                _init
 .init          0x08005eb0        0x8 C:/ProgramData/MATLAB/SupportPackages/R2024b/3P.instrset/gnuarm-armcortex.instrset/win/bin/../lib/gcc/arm-none-eabi/13.2.1/thumb/v7e-m+dp/hard/crtn.o
 *(.fini)
 .fini          0x08005eb8        0x4 C:/ProgramData/MATLAB/SupportPackages/R2024b/3P.instrset/gnuarm-armcortex.instrset/win/bin/../lib/gcc/arm-none-eabi/13.2.1/thumb/v7e-m+dp/hard/crti.o
                0x08005eb8                _fini
 .fini          0x08005ebc        0x8 C:/ProgramData/MATLAB/SupportPackages/R2024b/3P.instrset/gnuarm-armcortex.instrset/win/bin/../lib/gcc/arm-none-eabi/13.2.1/thumb/v7e-m+dp/hard/crtn.o
                0x08005ec4                        . = ALIGN (0x4)
                0x08005ec4                        _etext = .

.vfp11_veneer   0x08005ec4        0x0
 .vfp11_veneer  0x08005ec4        0x0 linker stubs

.v4_bx          0x08005ec4        0x0
 .v4_bx         0x08005ec4        0x0 linker stubs

.iplt           0x08005ec4        0x0
 .iplt          0x08005ec4        0x0 C:/ProgramData/MATLAB/SupportPackages/R2024b/3P.instrset/gnuarm-armcortex.instrset/win/bin/../lib/gcc/arm-none-eabi/13.2.1/thumb/v7e-m+dp/hard/crtbegin.o

.rodata         0x08005ec4       0x84
                0x08005ec4                        . = ALIGN (0x4)
 *(.rodata)
 *(.rodata*)
 .rodata.LL_DMA_STR_OFFSET_TAB
                0x08005ec4        0x8 stm_adc_ll.o
 .rodata.SteeringWheelSTM32_M
                0x08005ecc        0x4 SteeringWheelSTM32.o
                0x08005ecc                SteeringWheelSTM32_M
 .rodata.SteeringWheelSTM32_ConstB
                0x08005ed0        0x1 SteeringWheelSTM32_data.o
                0x08005ed0                SteeringWheelSTM32_ConstB
 *fill*         0x08005ed1        0x3 
 .rodata.SteeringWheelSTM32_ConstP
                0x08005ed4       0x5c SteeringWheelSTM32_data.o
                0x08005ed4                SteeringWheelSTM32_ConstP
 .rodata.LL_DMA_STR_OFFSET_TAB
                0x08005f30        0x8 main.o
 .rodata.D1CorePrescTable
                0x08005f38       0x10 system_stm32h7xx.o
                0x08005f38                D1CorePrescTable
                0x08005f48                        . = ALIGN (0x4)

.ARM.extab
 *(.ARM.extab* .gnu.linkonce.armextab.*)

.ARM            0x08005f48        0x8
                0x08005f48                        __exidx_start = .
 *(.ARM.exidx*)
 .ARM.exidx     0x08005f48        0x8 C:/ProgramData/MATLAB/SupportPackages/R2024b/3P.instrset/gnuarm-armcortex.instrset/win/bin/../lib/gcc/arm-none-eabi/13.2.1/thumb/v7e-m+dp/hard\libc.a(libc_a-memcpy.o)
                0x08005f50                        __exidx_end = .

.preinit_array  0x08005f50        0x0
                0x08005f50                        PROVIDE (__preinit_array_start = .)
 *(.preinit_array*)
                0x08005f50                        PROVIDE (__preinit_array_end = .)

.init_array     0x08005f50        0x8
                0x08005f50                        PROVIDE (__init_array_start = .)
 *(SORT_BY_NAME(.init_array.*))
 .init_array.00000
                0x08005f50        0x4 C:/ProgramData/MATLAB/SupportPackages/R2024b/3P.instrset/gnuarm-armcortex.instrset/win/bin/../lib/gcc/arm-none-eabi/13.2.1/thumb/v7e-m+dp/hard\libc.a(libc_a-__call_atexit.o)
 *(.init_array*)
 .init_array    0x08005f54        0x4 C:/ProgramData/MATLAB/SupportPackages/R2024b/3P.instrset/gnuarm-armcortex.instrset/win/bin/../lib/gcc/arm-none-eabi/13.2.1/thumb/v7e-m+dp/hard/crtbegin.o
                0x08005f58                        PROVIDE (__init_array_end = .)

.fini_array     0x08005f58        0x4
                0x08005f58                        PROVIDE (__fini_array_start = .)
 *(SORT_BY_NAME(.fini_array.*))
 *(.fini_array*)
 .fini_array    0x08005f58        0x4 C:/ProgramData/MATLAB/SupportPackages/R2024b/3P.instrset/gnuarm-armcortex.instrset/win/bin/../lib/gcc/arm-none-eabi/13.2.1/thumb/v7e-m+dp/hard/crtbegin.o
                0x08005f5c                        PROVIDE (__fini_array_end = .)
                0x08005f5c                        _sidata = LOADADDR (.data)

.rel.dyn        0x08005f5c        0x0
 .rel.iplt      0x08005f5c        0x0 C:/ProgramData/MATLAB/SupportPackages/R2024b/3P.instrset/gnuarm-armcortex.instrset/win/bin/../lib/gcc/arm-none-eabi/13.2.1/thumb/v7e-m+dp/hard/crtbegin.o

.data           0x24000000       0x14 load address 0x08005f5c
                0x24000000                        . = ALIGN (0x4)
                0x24000000                        _sdata = .
 *(.data)
 *(.data*)
 .data.uwTickPrio
                0x24000000        0x4 stm32h7xx_hal.o
                0x24000000                uwTickPrio
 .data.uwTickFreq
                0x24000004        0x1 stm32h7xx_hal.o
                0x24000004                uwTickFreq
 *fill*         0x24000005        0x3 
 .data.SystemCoreClock
                0x24000008        0x4 system_stm32h7xx.o
                0x24000008                SystemCoreClock
 .data.SystemD2Clock
                0x2400000c        0x4 system_stm32h7xx.o
                0x2400000c                SystemD2Clock
 .data.__atexit_recursive_mutex
                0x24000010        0x4 C:/ProgramData/MATLAB/SupportPackages/R2024b/3P.instrset/gnuarm-armcortex.instrset/win/bin/../lib/gcc/arm-none-eabi/13.2.1/thumb/v7e-m+dp/hard\libc.a(libc_a-__call_atexit.o)
                0x24000010                __atexit_recursive_mutex
 *(.RamFunc)
 *(.RamFunc*)
                0x24000014                        . = ALIGN (0x4)
                0x24000014                        _edata = .

.tm_clone_table
                0x24000014        0x0 load address 0x08005f70
 .tm_clone_table
                0x24000014        0x0 C:/ProgramData/MATLAB/SupportPackages/R2024b/3P.instrset/gnuarm-armcortex.instrset/win/bin/../lib/gcc/arm-none-eabi/13.2.1/thumb/v7e-m+dp/hard/crtbegin.o
 .tm_clone_table
                0x24000014        0x0 C:/ProgramData/MATLAB/SupportPackages/R2024b/3P.instrset/gnuarm-armcortex.instrset/win/bin/../lib/gcc/arm-none-eabi/13.2.1/thumb/v7e-m+dp/hard/crtend.o

.igot.plt       0x24000014        0x0 load address 0x08005f70
 .igot.plt      0x24000014        0x0 C:/ProgramData/MATLAB/SupportPackages/R2024b/3P.instrset/gnuarm-armcortex.instrset/win/bin/../lib/gcc/arm-none-eabi/13.2.1/thumb/v7e-m+dp/hard/crtbegin.o
                0x24000014                        . = ALIGN (0x4)

.bss            0x24000018      0x374 load address 0x08005f70
                0x24000018                        _sbss = .
                0x24000018                        __bss_start__ = _sbss
 *(.bss)
 *(.bss*)
 .bss.completed.1
                0x24000018        0x1 C:/ProgramData/MATLAB/SupportPackages/R2024b/3P.instrset/gnuarm-armcortex.instrset/win/bin/../lib/gcc/arm-none-eabi/13.2.1/thumb/v7e-m+dp/hard/crtbegin.o
 *fill*         0x24000019        0x3 
 .bss.object.0  0x2400001c       0x18 C:/ProgramData/MATLAB/SupportPackages/R2024b/3P.instrset/gnuarm-armcortex.instrset/win/bin/../lib/gcc/arm-none-eabi/13.2.1/thumb/v7e-m+dp/hard/crtbegin.o
 .bss.mw_adc1   0x24000034       0x1c stm_adc_ll.o
                0x24000034                mw_adc1
 .bss.mw_spi1   0x24000050       0x18 mw_stm32_spi_ll.o
 .bss.SteeringWheelSTM32_B
                0x24000068       0x38 SteeringWheelSTM32.o
                0x24000068                SteeringWheelSTM32_B
 .bss.SteeringWheelSTM32_DW
                0x240000a0       0xe8 SteeringWheelSTM32.o
                0x240000a0                SteeringWheelSTM32_DW
 .bss.SteeringWheelSTM32_M_
                0x24000188        0x8 SteeringWheelSTM32.o
 .bss.IsrOverrun
                0x24000190        0x4 ert_main.o
                0x24000190                IsrOverrun
 .bss.OverrunFlag
                0x24000194        0x1 ert_main.o
 .bss.stopRequested
                0x24000195        0x1 ert_main.o
                0x24000195                stopRequested
 .bss.runModel  0x24000196        0x1 ert_main.o
                0x24000196                runModel
 *fill*         0x24000197        0x1 
 .bss.schdl_counter
                0x24000198        0x4 SysTickScheduler.o
                0x24000198                schdl_counter
 .bss.schdl_counter_max
                0x2400019c        0x4 SysTickScheduler.o
                0x2400019c                schdl_counter_max
 .bss.taskToSchedule
                0x240001a0        0x4 m3m4m4f_multitasking.o
                0x240001a0                taskToSchedule
 .bss.htim1     0x240001a4       0x4c stm32h7xx_hal_timebase_tim.o
                0x240001a4                htim1
 .bss.uwTick    0x240001f0        0x4 stm32h7xx_hal.o
                0x240001f0                uwTick
 .bss.__lock___atexit_recursive_mutex
                0x240001f4        0x1 C:/ProgramData/MATLAB/SupportPackages/R2024b/3P.instrset/gnuarm-armcortex.instrset/win/bin/../lib/gcc/arm-none-eabi/13.2.1/thumb/v7e-m+dp/hard\libc.a(libc_a-lock.o)
                0x240001f4                __lock___atexit_recursive_mutex
 *fill*         0x240001f5        0x3 
 .bss.__atexit  0x240001f8        0x4 C:/ProgramData/MATLAB/SupportPackages/R2024b/3P.instrset/gnuarm-armcortex.instrset/win/bin/../lib/gcc/arm-none-eabi/13.2.1/thumb/v7e-m+dp/hard\libc.a(libc_a-__call_atexit.o)
                0x240001f8                __atexit
 .bss.__atexit0
                0x240001fc      0x190 C:/ProgramData/MATLAB/SupportPackages/R2024b/3P.instrset/gnuarm-armcortex.instrset/win/bin/../lib/gcc/arm-none-eabi/13.2.1/thumb/v7e-m+dp/hard\libc.a(libc_a-__atexit.o)
                0x240001fc                __atexit0
 *(COMMON)
                0x2400038c                        . = ALIGN (0x4)
                0x2400038c                        _ebss = .
                0x2400038c                        __bss_end__ = _ebss

._user_heap_stack
                0x2400038c      0x604 load address 0x08005f70
                0x24000390                        . = ALIGN (0x8)
 *fill*         0x2400038c        0x4 
                [!provide]                        PROVIDE (end = .)
                0x24000390                        PROVIDE (_end = .)
                0x24000590                        . = (. + _Min_Heap_Size)
 *fill*         0x24000390      0x200 
                0x24000990                        . = (. + _Min_Stack_Size)
 *fill*         0x24000590      0x400 
                0x24000990                        . = ALIGN (0x8)

/DISCARD/
 libc.a(*)
 libm.a(*)
 libgcc.a(*)

.ARM.attributes
                0x00000000       0x2e
 *(.ARM.attributes)
 .ARM.attributes
                0x00000000       0x20 C:/ProgramData/MATLAB/SupportPackages/R2024b/3P.instrset/gnuarm-armcortex.instrset/win/bin/../lib/gcc/arm-none-eabi/13.2.1/thumb/v7e-m+dp/hard/crti.o
 .ARM.attributes
                0x00000020       0x32 C:/ProgramData/MATLAB/SupportPackages/R2024b/3P.instrset/gnuarm-armcortex.instrset/win/bin/../lib/gcc/arm-none-eabi/13.2.1/thumb/v7e-m+dp/hard/crtbegin.o
 .ARM.attributes
                0x00000052       0x32 stm_adc_ll.o
 .ARM.attributes
                0x00000084       0x32 mw_stm32_spi_ll.o
 .ARM.attributes
                0x000000b6       0x32 SteeringWheelSTM32.o
 .ARM.attributes
                0x000000e8       0x32 SteeringWheelSTM32_data.o
 .ARM.attributes
                0x0000011a       0x32 ert_main.o
 .ARM.attributes
                0x0000014c       0x32 platform_timer.o
 .ARM.attributes
                0x0000017e       0x32 SysTickScheduler.o
 .ARM.attributes
                0x000001b0       0x32 m3m4m4f_multitasking.o
 .ARM.attributes
                0x000001e2       0x32 main.o
 .ARM.attributes
                0x00000214       0x32 stm32h7xx_it.o
 .ARM.attributes
                0x00000246       0x32 stm32h7xx_hal_msp.o
 .ARM.attributes
                0x00000278       0x32 stm32h7xx_hal_timebase_tim.o
 .ARM.attributes
                0x000002aa       0x32 stm32h7xx_hal_tim.o
 .ARM.attributes
                0x000002dc       0x32 stm32h7xx_hal_tim_ex.o
 .ARM.attributes
                0x0000030e       0x32 stm32h7xx_ll_gpio.o
 .ARM.attributes
                0x00000340       0x32 stm32h7xx_ll_adc.o
 .ARM.attributes
                0x00000372       0x32 stm32h7xx_ll_utils.o
 .ARM.attributes
                0x000003a4       0x32 stm32h7xx_hal_rcc.o
 .ARM.attributes
                0x000003d6       0x32 stm32h7xx_hal_cortex.o
 .ARM.attributes
                0x00000408       0x32 stm32h7xx_hal.o
 .ARM.attributes
                0x0000043a       0x32 stm32h7xx_ll_spi.o
 .ARM.attributes
                0x0000046c       0x32 stm32h7xx_ll_tim.o
 .ARM.attributes
                0x0000049e       0x32 system_stm32h7xx.o
 .ARM.attributes
                0x000004d0       0x21 startup_stm32h7a3ritx.o
 .ARM.attributes
                0x000004f1       0x32 C:/ProgramData/MATLAB/SupportPackages/R2024b/3P.instrset/gnuarm-armcortex.instrset/win/bin/../lib/gcc/arm-none-eabi/13.2.1/thumb/v7e-m+dp/hard\libm.a(libm_a-sf_round.o)
 .ARM.attributes
                0x00000523       0x32 C:/ProgramData/MATLAB/SupportPackages/R2024b/3P.instrset/gnuarm-armcortex.instrset/win/bin/../lib/gcc/arm-none-eabi/13.2.1/thumb/v7e-m+dp/hard\libc.a(libc_a-memset.o)
 .ARM.attributes
                0x00000555       0x32 C:/ProgramData/MATLAB/SupportPackages/R2024b/3P.instrset/gnuarm-armcortex.instrset/win/bin/../lib/gcc/arm-none-eabi/13.2.1/thumb/v7e-m+dp/hard\libc.a(libc_a-init.o)
 .ARM.attributes
                0x00000587       0x32 C:/ProgramData/MATLAB/SupportPackages/R2024b/3P.instrset/gnuarm-armcortex.instrset/win/bin/../lib/gcc/arm-none-eabi/13.2.1/thumb/v7e-m+dp/hard\libc.a(libc_a-lock.o)
 .ARM.attributes
                0x000005b9       0x1e C:/ProgramData/MATLAB/SupportPackages/R2024b/3P.instrset/gnuarm-armcortex.instrset/win/bin/../lib/gcc/arm-none-eabi/13.2.1/thumb/v7e-m+dp/hard\libc.a(libc_a-memcpy.o)
 .ARM.attributes
                0x000005d7       0x32 C:/ProgramData/MATLAB/SupportPackages/R2024b/3P.instrset/gnuarm-armcortex.instrset/win/bin/../lib/gcc/arm-none-eabi/13.2.1/thumb/v7e-m+dp/hard\libc.a(libc_a-__call_atexit.o)
 .ARM.attributes
                0x00000609       0x32 C:/ProgramData/MATLAB/SupportPackages/R2024b/3P.instrset/gnuarm-armcortex.instrset/win/bin/../lib/gcc/arm-none-eabi/13.2.1/thumb/v7e-m+dp/hard\libc.a(libc_a-atexit.o)
 .ARM.attributes
                0x0000063b       0x32 C:/ProgramData/MATLAB/SupportPackages/R2024b/3P.instrset/gnuarm-armcortex.instrset/win/bin/../lib/gcc/arm-none-eabi/13.2.1/thumb/v7e-m+dp/hard\libc.a(libc_a-fini.o)
 .ARM.attributes
                0x0000066d       0x32 C:/ProgramData/MATLAB/SupportPackages/R2024b/3P.instrset/gnuarm-armcortex.instrset/win/bin/../lib/gcc/arm-none-eabi/13.2.1/thumb/v7e-m+dp/hard\libc.a(libc_a-__atexit.o)
 .ARM.attributes
                0x0000069f       0x32 C:/ProgramData/MATLAB/SupportPackages/R2024b/3P.instrset/gnuarm-armcortex.instrset/win/bin/../lib/gcc/arm-none-eabi/13.2.1/thumb/v7e-m+dp/hard/crtend.o
 .ARM.attributes
                0x000006d1       0x20 C:/ProgramData/MATLAB/SupportPackages/R2024b/3P.instrset/gnuarm-armcortex.instrset/win/bin/../lib/gcc/arm-none-eabi/13.2.1/thumb/v7e-m+dp/hard/crtn.o

.dma_buffer     0x24000990       0x28
 *(.dma_buffer)
 .dma_buffer    0x24000990       0x28 stm_adc_ll.o
                0x24000990                ADC1DMABuffer

.bdma_buffer
 *(.bdma_buffer)
OUTPUT(../SteeringWheelSTM32.elf elf32-littlearm)
LOAD linker stubs
LOAD C:/ProgramData/MATLAB/SupportPackages/R2024b/3P.instrset/gnuarm-armcortex.instrset/win/bin/../lib/gcc/arm-none-eabi/13.2.1/thumb/v7e-m+dp/hard\libc.a
LOAD C:/ProgramData/MATLAB/SupportPackages/R2024b/3P.instrset/gnuarm-armcortex.instrset/win/bin/../lib/gcc/arm-none-eabi/13.2.1/thumb/v7e-m+dp/hard\libm.a
LOAD C:/ProgramData/MATLAB/SupportPackages/R2024b/3P.instrset/gnuarm-armcortex.instrset/win/bin/../lib/gcc/arm-none-eabi/13.2.1/thumb/v7e-m+dp/hard\libgcc.a

.comment        0x00000000       0x44
 .comment       0x00000000       0x44 stm_adc_ll.o
                                 0x45 (size before relaxing)
 .comment       0x00000044       0x45 mw_stm32_spi_ll.o
 .comment       0x00000044       0x45 SteeringWheelSTM32.o
 .comment       0x00000044       0x45 SteeringWheelSTM32_data.o
 .comment       0x00000044       0x45 ert_main.o
 .comment       0x00000044       0x45 platform_timer.o
 .comment       0x00000044       0x45 SysTickScheduler.o
 .comment       0x00000044       0x45 m3m4m4f_multitasking.o
 .comment       0x00000044       0x45 main.o
 .comment       0x00000044       0x45 stm32h7xx_it.o
 .comment       0x00000044       0x45 stm32h7xx_hal_msp.o
 .comment       0x00000044       0x45 stm32h7xx_hal_timebase_tim.o
 .comment       0x00000044       0x45 stm32h7xx_hal_tim.o
 .comment       0x00000044       0x45 stm32h7xx_hal_tim_ex.o
 .comment       0x00000044       0x45 stm32h7xx_ll_gpio.o
 .comment       0x00000044       0x45 stm32h7xx_ll_adc.o
 .comment       0x00000044       0x45 stm32h7xx_ll_utils.o
 .comment       0x00000044       0x45 stm32h7xx_hal_rcc.o
 .comment       0x00000044       0x45 stm32h7xx_hal_cortex.o
 .comment       0x00000044       0x45 stm32h7xx_hal.o
 .comment       0x00000044       0x45 stm32h7xx_ll_spi.o
 .comment       0x00000044       0x45 stm32h7xx_ll_tim.o
 .comment       0x00000044       0x45 system_stm32h7xx.o

.debug_frame    0x00000000      0x20c
 .debug_frame   0x00000000       0x20 C:/ProgramData/MATLAB/SupportPackages/R2024b/3P.instrset/gnuarm-armcortex.instrset/win/bin/../lib/gcc/arm-none-eabi/13.2.1/thumb/v7e-m+dp/hard\libm.a(libm_a-sf_round.o)
 .debug_frame   0x00000020       0x2c C:/ProgramData/MATLAB/SupportPackages/R2024b/3P.instrset/gnuarm-armcortex.instrset/win/bin/../lib/gcc/arm-none-eabi/13.2.1/thumb/v7e-m+dp/hard\libc.a(libc_a-memset.o)
 .debug_frame   0x0000004c       0x2c C:/ProgramData/MATLAB/SupportPackages/R2024b/3P.instrset/gnuarm-armcortex.instrset/win/bin/../lib/gcc/arm-none-eabi/13.2.1/thumb/v7e-m+dp/hard\libc.a(libc_a-init.o)
 .debug_frame   0x00000078       0xb0 C:/ProgramData/MATLAB/SupportPackages/R2024b/3P.instrset/gnuarm-armcortex.instrset/win/bin/../lib/gcc/arm-none-eabi/13.2.1/thumb/v7e-m+dp/hard\libc.a(libc_a-lock.o)
 .debug_frame   0x00000128       0x5c C:/ProgramData/MATLAB/SupportPackages/R2024b/3P.instrset/gnuarm-armcortex.instrset/win/bin/../lib/gcc/arm-none-eabi/13.2.1/thumb/v7e-m+dp/hard\libc.a(libc_a-__call_atexit.o)
 .debug_frame   0x00000184       0x20 C:/ProgramData/MATLAB/SupportPackages/R2024b/3P.instrset/gnuarm-armcortex.instrset/win/bin/../lib/gcc/arm-none-eabi/13.2.1/thumb/v7e-m+dp/hard\libc.a(libc_a-atexit.o)
 .debug_frame   0x000001a4       0x34 C:/ProgramData/MATLAB/SupportPackages/R2024b/3P.instrset/gnuarm-armcortex.instrset/win/bin/../lib/gcc/arm-none-eabi/13.2.1/thumb/v7e-m+dp/hard\libc.a(libc_a-fini.o)
 .debug_frame   0x000001d8       0x34 C:/ProgramData/MATLAB/SupportPackages/R2024b/3P.instrset/gnuarm-armcortex.instrset/win/bin/../lib/gcc/arm-none-eabi/13.2.1/thumb/v7e-m+dp/hard\libc.a(libc_a-__atexit.o)

.debug_line_str
                0x00000000       0xe3
 .debug_line_str
                0x00000000       0xe3 C:/ProgramData/MATLAB/SupportPackages/R2024b/3P.instrset/gnuarm-armcortex.instrset/win/bin/../lib/gcc/arm-none-eabi/13.2.1/thumb/v7e-m+dp/hard\libc.a(libc_a-memcpy.o)
